[
  {
    "termId": "32a4ce7a-6d7b-4dad-a383-e45d2e782597",
    "offerId": "6e152579-7bf5-4888-98b3-ec87d6e11e06",
    "alias": "term"
  },
  {
    "termId": "31a29307-0839-450e-804b-cf53cded397f",
    "offerId": "6e152579-7bf5-4888-98b3-ec87d6e11e06",
    "alias": "term"
  }
]