{
  "offeredItemId": "3003",
  "provider": "sony.axn.es",
  "uriId": "sony.axn.es/OFAT0001532951555359",
  "providerVersionNum": 1,
  "internalVersionNum": 0,
  "dateTime": {
    "start": "2018-08-03T21:07:00Z",
    "end": "2018-08-31T20:07:00Z",
    "exhibition": "2018-07-30T00:00:00Z"
  },
  "termExt": {
    "termType": "CUTV",
    "platform": "AT",
    "region": "ES"
  },
  "terms": [
    {
      "termId": "f7cd5936-8957-4cc4-9fe4-b97fdeaad4e3",
      "offerId": "3138d163-c948-4b17-a264-089db75731ab",
      "alias": "term"
    },
    {
      "termId": "fedba497-a397-4656-acbb-1b3644564f26",
      "offerId": "3138d163-c948-4b17-a264-089db75731ab",
      "alias": "term"
    }
  ]
}